>// https://learn.microsoft.com/en-us/azure/data-explorer/kusto/query/rangefunction
#^^^^^^^^^^^^^^^^^^^^^^^^^^^^^^^^^^^^^^^^^^^^^^^^^^^^^^^^^^^^^^^^^^^^^^^^^^^^^^^^^^ source.kusto comment.line.kusto
>
>T | extend r = range(1, 8, 3);
#^^^^ source.kusto
#    ^^^^^^ source.kusto keyword.other.query.kusto
#          ^^^^^ source.kusto
#               ^^^^^ source.kusto meta.scalar.function.range.kusto support.function.kusto
#                    ^ source.kusto meta.scalar.function.range.kusto
#                     ^ source.kusto meta.scalar.function.range.kusto constant.numeric.kusto
#                      ^^ source.kusto meta.scalar.function.range.kusto
#                        ^ source.kusto meta.scalar.function.range.kusto constant.numeric.kusto
#                         ^^ source.kusto meta.scalar.function.range.kusto
#                           ^ source.kusto meta.scalar.function.range.kusto constant.numeric.kusto
#                            ^ source.kusto meta.scalar.function.range.kusto
#                             ^^ source.kusto
>
>T | extend r = range(datetime(2015-01-01), datetime(2015-12-31), 1d);
#^^^^ source.kusto
#    ^^^^^^ source.kusto keyword.other.query.kusto
#          ^^^^^ source.kusto
#               ^^^^^ source.kusto meta.scalar.function.range.kusto support.function.kusto
#                    ^ source.kusto meta.scalar.function.range.kusto
#                     ^^^^^^^^ source.kusto meta.scalar.function.range.kusto storage.type.kusto
#                             ^ source.kusto meta.scalar.function.range.kusto
#                              ^^^^ source.kusto meta.scalar.function.range.kusto constant.numeric.kusto
#                                  ^ source.kusto meta.scalar.function.range.kusto
#                                   ^^ source.kusto meta.scalar.function.range.kusto constant.numeric.kusto
#                                     ^ source.kusto meta.scalar.function.range.kusto
#                                      ^^ source.kusto meta.scalar.function.range.kusto constant.numeric.kusto
#                                        ^ source.kusto meta.scalar.function.range.kusto
#                                         ^^ source.kusto meta.scalar.function.range.kusto
#                                           ^^^^^^^^ source.kusto meta.scalar.function.range.kusto storage.type.kusto
#                                                   ^ source.kusto meta.scalar.function.range.kusto
#                                                    ^^^^ source.kusto meta.scalar.function.range.kusto constant.numeric.kusto
#                                                        ^ source.kusto meta.scalar.function.range.kusto
#                                                         ^^ source.kusto meta.scalar.function.range.kusto constant.numeric.kusto
#                                                           ^ source.kusto meta.scalar.function.range.kusto
#                                                            ^^ source.kusto meta.scalar.function.range.kusto constant.numeric.kusto
#                                                              ^ source.kusto meta.scalar.function.range.kusto
#                                                               ^^ source.kusto meta.scalar.function.range.kusto
#                                                                 ^^ source.kusto meta.scalar.function.range.kusto constant.numeric.kusto
#                                                                   ^ source.kusto meta.scalar.function.range.kusto
#                                                                    ^^ source.kusto
>
>range(1, 3);
#^^^^^ source.kusto meta.scalar.function.range.kusto support.function.kusto
#     ^ source.kusto meta.scalar.function.range.kusto
#      ^ source.kusto meta.scalar.function.range.kusto constant.numeric.kusto
#       ^^ source.kusto meta.scalar.function.range.kusto
#         ^ source.kusto meta.scalar.function.range.kusto constant.numeric.kusto
#          ^ source.kusto meta.scalar.function.range.kusto
#           ^^ source.kusto
>
>print r = range(1,1000000000) | mv-expand r | count
#^^^^^ source.kusto keyword.other.query.kusto
#     ^^^^^ source.kusto
#          ^^^^^ source.kusto meta.scalar.function.range.kusto support.function.kusto
#               ^ source.kusto meta.scalar.function.range.kusto
#                ^ source.kusto meta.scalar.function.range.kusto constant.numeric.kusto
#                 ^ source.kusto meta.scalar.function.range.kusto
#                  ^^^^^^^^^^ source.kusto meta.scalar.function.range.kusto constant.numeric.kusto
#                            ^ source.kusto meta.scalar.function.range.kusto
#                             ^^^ source.kusto
#                                ^^^^^^^^^ source.kusto keyword.other.query.kusto
#                                         ^^^^^ source.kusto
#                                              ^^^^^ source.kusto keyword.other.query.kusto
>