>// https://learn.microsoft.com/en-us/azure/data-explorer/kusto/query/projectawayoperator
#^^^^^^^^^^^^^^^^^^^^^^^^^^^^^^^^^^^^^^^^^^^^^^^^^^^^^^^^^^^^^^^^^^^^^^^^^^^^^^^^^^^^^^^^ source.kusto comment.line.kusto
>
>print a2='a2', b = 'b', a3='a3', a1='a1'
#^^^^^ source.kusto keyword.other.query.kusto
#     ^^^^ source.kusto
#         ^ source.kusto string.quoted.single.kusto punctuation.definition.string.kusto
#          ^^ source.kusto string.quoted.single.kusto
#            ^ source.kusto string.quoted.single.kusto punctuation.definition.string.kusto
#             ^^^^^^ source.kusto
#                   ^ source.kusto string.quoted.single.kusto punctuation.definition.string.kusto
#                    ^ source.kusto string.quoted.single.kusto
#                     ^ source.kusto string.quoted.single.kusto punctuation.definition.string.kusto
#                      ^^^^^ source.kusto
#                           ^ source.kusto string.quoted.single.kusto punctuation.definition.string.kusto
#                            ^^ source.kusto string.quoted.single.kusto
#                              ^ source.kusto string.quoted.single.kusto punctuation.definition.string.kusto
#                               ^^^^^ source.kusto
#                                    ^ source.kusto string.quoted.single.kusto punctuation.definition.string.kusto
#                                     ^^ source.kusto string.quoted.single.kusto
#                                       ^ source.kusto string.quoted.single.kusto punctuation.definition.string.kusto
>| project-away a*
#^^ source.kusto
#  ^^^^^^^^^^^^ source.kusto keyword.other.query.kusto
#              ^^^^ source.kusto
>